@SuppressWarnings("all")
public class InnerInterface {
  public static interface TheInnerInterface {
    static Object _07_x = null;
    public Object _14_x = null;
    static final Object _03_y = null;
    static final Object _02_x = null;
    final Object _12_x = null;
    static Object _06_x = null;
    public static final Object _01_y = null;
    static final Object _04_x = null;
    static final Object _02_y = null;
    Object _17_y = null;
    public static Object _05_y = null;
    public static final Object _01_x = null;
    static Object _08_y = null;
    static final Object _03_x = null;
    Object _16_x = null;
    public final Object _10_x = null;
    static final Object _04_y = null;
    public static Object _05_x = null;
    final Object _13_y = null;
    static Object _06_y = null;
    final Object _11_y = null;
    static Object _07_y = null;
    Object _15_y = null;
    Object _16_y = null;
    static Object _08_x = null;
    public final Object _10_y = null;
    final Object _13_x = null;
    final Object _11_x = null;
    final Object _12_y = null;
    Object _17_x = null;
    public Object _14_y = null;
    Object _15_x = null;

    static void _20_x() {
      // static method
    }

    static void _20_y() {
      // static method
    }

    static void _21_x() {
      // method
    }

    default void _21_y() {
      // method
    }

    enum _22_y {
      BAR
    }

    enum _22_x {
      FOO
    }

    interface _23_y {
      void bar();
    }

    @interface _23_z {
      String foo();
    }

    interface _23_x {
      void foo();
    }

    @interface _23_w {
      String bar();
    }

    class _25_y {
      void bar() {}
    }

    static class _24_y {
      void bar() {}
    }

    class _25_x {
      void foo() {}
    }

    static class _24_x {
      void foo() {}
    }
  }
}
