@SuppressWarnings("all")
public class InnerClass {
  public static final class TheInnerClass {
    public static final Object _01_y = null;
    public static final Object _01_x = null;
    protected static final Object _02_x = null;
    protected static final Object _02_y = null;
    static final Object _03_y = null;
    static final Object _03_x = null;
    private static final Object _04_x = null;
    private static final Object _04_y = null;
    public static Object _05_y = null;
    public static Object _05_x = null;
    protected static Object _06_x = null;
    protected static Object _06_y = null;
    static Object _07_x = null;
    static Object _07_y = null;
    private static Object _08_y = null;
    private static Object _08_x = null;

    static {
      Object _09_y = null;
    }

    static {
      Object _09_x = null;
    }

    public final Object _10_x = null;
    public final Object _10_y = null;
    protected final Object _11_y = null;
    protected final Object _11_x = null;
    final Object _12_x = null;
    final Object _12_y = null;
    private final Object _13_y = null;
    private final Object _13_x = null;
    public Object _14_x = null;
    public Object _14_y = null;
    protected Object _15_y = null;
    protected Object _15_x = null;
    Object _16_x = null;
    Object _16_y = null;
    private Object _17_y = null;
    private Object _17_x = null;

    {
      Object _18_y = null;
    }

    {
      Object _18_x = null;
    }

    TheInnerClass() {
      Object _19_x = null;
    }

    TheInnerClass(int foo) {
      Object _19_y = null;
    }

    static void _20_x() {
      // static method
    }

    static void _20_y() {
      // static method
    }

    void _21_x() {
      // method
    }

    void _21_y() {
      // method
    }

    enum _22_y {
      BAR
    }

    enum _22_x {
      FOO
    }

    interface _23_y {
      void bar();
    }

    @interface _23_z {
      String foo();
    }

    interface _23_x {
      void foo();
    }

    @interface _23_w {
      String bar();
    }

    static class _24_y {
      void bar() {}
    }

    static class _24_x {
      void foo() {}
    }

    class _25_y {
      void bar() {}
    }

    class _25_x {
      void foo() {}
    }
  }
}
